<!DOCTYPE html>
<html lang="en">
<head>
    <meta charset="UTF-8">
    <title>gulp-art-template</title>
</head>
<body>
<h1>gulp-art-template</h1>
</body>
</html>